// Jest Snapshot v1, https://goo.gl/fbAQLP

exports[`Posts Posts render correctly 1`] = `
<div
  style={
    Object {
      "display": "flex",
      "flexDirection": "column",
    }
  }
>
  <div
    style={
      Object {
        "alignSelf": "center",
        "margin": 20,
      }
    }
  >
    <button
      className="MuiButtonBase-root-27 MuiButton-root-1 MuiButton-outlined-9 MuiButton-outlinedPrimary-10"
      disabled={false}
      onBlur={[Function]}
      onClick={[Function]}
      onFocus={[Function]}
      onKeyDown={[Function]}
      onKeyUp={[Function]}
      onMouseDown={[Function]}
      onMouseLeave={[Function]}
      onMouseUp={[Function]}
      onTouchEnd={[Function]}
      onTouchMove={[Function]}
      onTouchStart={[Function]}
      style={
        Object {
          "margin": 5,
        }
      }
      tabIndex="0"
      type="button"
    >
      <span
        className="MuiButton-label-2"
      >
        movie
      </span>
      <span
        className="MuiTouchRipple-root-30"
      />
    </button>
    <button
      className="MuiButtonBase-root-27 MuiButton-root-1 MuiButton-outlined-9 MuiButton-outlinedPrimary-10"
      disabled={false}
      onBlur={[Function]}
      onClick={[Function]}
      onFocus={[Function]}
      onKeyDown={[Function]}
      onKeyUp={[Function]}
      onMouseDown={[Function]}
      onMouseLeave={[Function]}
      onMouseUp={[Function]}
      onTouchEnd={[Function]}
      onTouchMove={[Function]}
      onTouchStart={[Function]}
      style={
        Object {
          "margin": 5,
        }
      }
      tabIndex="0"
      type="button"
    >
      <span
        className="MuiButton-label-2"
      >
        game
      </span>
      <span
        className="MuiTouchRipple-root-30"
      />
    </button>
    <button
      className="MuiButtonBase-root-27 MuiButton-root-1 MuiButton-outlined-9 MuiButton-outlinedPrimary-10"
      disabled={false}
      onBlur={[Function]}
      onClick={[Function]}
      onFocus={[Function]}
      onKeyDown={[Function]}
      onKeyUp={[Function]}
      onMouseDown={[Function]}
      onMouseLeave={[Function]}
      onMouseUp={[Function]}
      onTouchEnd={[Function]}
      onTouchMove={[Function]}
      onTouchStart={[Function]}
      style={
        Object {
          "margin": 5,
        }
      }
      tabIndex="0"
      type="button"
    >
      <span
        className="MuiButton-label-2"
      >
        series
      </span>
      <span
        className="MuiTouchRipple-root-30"
      />
    </button>
  </div>
</div>
`;
